AR fdsx2 structure C:/Users/user/HSCD/ChristophKaiser/FDSx2.vhd sub00/vhpl01 1541493254
AR system structure C:/Users/user/HSCD/ChristophKaiser/Aufgabe1/system.vhd sub00/vhpl09 1541493262
EN fdsx2 NULL C:/Users/user/HSCD/ChristophKaiser/FDSx2.vhd sub00/vhpl00 1541493253
EN system NULL C:/Users/user/HSCD/ChristophKaiser/Aufgabe1/system.vhd sub00/vhpl08 1541493261
AR timer behaviour C:/Users/user/HSCD/ChristophKaiser/timer.vhd sub00/vhpl03 1541493256
EN kcpsm3 NULL C:/Users/user/HSCD/ChristophKaiser/kcpsm3.vhd sub00/vhpl04 1541493257
AR programm low_level_definition C:/Users/user/HSCD/ChristophKaiser/Aufgabe1/asm/PROGRAMM.VHD sub00/vhpl07 1541493260
EN programm NULL C:/Users/user/HSCD/ChristophKaiser/Aufgabe1/asm/PROGRAMM.VHD sub00/vhpl06 1541493259
AR kcpsm3 low_level_definition C:/Users/user/HSCD/ChristophKaiser/kcpsm3.vhd sub00/vhpl05 1541493258
EN timer NULL C:/Users/user/HSCD/ChristophKaiser/timer.vhd sub00/vhpl02 1541493255
